[debug] [2025-09-02T22:15:04.211Z] ----------------------------------------------------------------------
[debug] [2025-09-02T22:15:04.212Z] Command:       /opt/homebrew/Cellar/node/24.7.0/bin/node /opt/homebrew/bin/firebase init
[debug] [2025-09-02T22:15:04.213Z] CLI Version:   14.15.1
[debug] [2025-09-02T22:15:04.213Z] Platform:      darwin
[debug] [2025-09-02T22:15:04.213Z] Node Version:  v24.7.0
[debug] [2025-09-02T22:15:04.213Z] Time:          Tue Sep 02 2025 17:15:04 GMT-0500 (Central Daylight Time)
[debug] [2025-09-02T22:15:04.213Z] ----------------------------------------------------------------------
[debug] 
[debug] [2025-09-02T22:15:04.215Z] > command requires scopes: ["email","openid","https://www.googleapis.com/auth/cloudplatformprojects.readonly","https://www.googleapis.com/auth/firebase","https://www.googleapis.com/auth/cloud-platform"]
[debug] [2025-09-02T22:15:04.215Z] > authorizing via signed-in user (ahe6196@gmail.com)
[info] 
     ######## #### ########  ######## ########     ###     ######  ########
     ##        ##  ##     ## ##       ##     ##  ##   ##  ##       ##
     ######    ##  ########  ######   ########  #########  ######  ######
     ##        ##  ##    ##  ##       ##     ## ##     ##       ## ##
     ##       #### ##     ## ######## ########  ##     ##  ######  ########

You're about to initialize a Firebase project in this directory:

  /Users/alvin/Documents/change-coding-challenge-2025-AlvinH17/heatApp/server

[info] 
=== Project Setup
[info] 
[info] First, let's associate this project directory with a Firebase project.
[info] You can create multiple project aliases by running firebase use --add, 
[info] but for now we'll just set up a default project.
[info] 
[debug] [2025-09-02T22:15:53.909Z] Checked if tokens are valid: true, expires at: 1756854869867
[debug] [2025-09-02T22:15:53.910Z] Checked if tokens are valid: true, expires at: 1756854869867
[debug] [2025-09-02T22:15:53.912Z] >>> [apiv2][query] GET https://firebase.googleapis.com/v1beta1/projects pageSize=100
[debug] [2025-09-02T22:15:54.384Z] <<< [apiv2][status] GET https://firebase.googleapis.com/v1beta1/projects 200
[debug] [2025-09-02T22:15:54.384Z] <<< [apiv2][body] GET https://firebase.googleapis.com/v1beta1/projects [omitted]
[info] i  Using project heatapp-e560d (heatApp) 
[info] 
=== Dataconnect Setup
[debug] [2025-09-02T22:15:58.672Z] Checked if tokens are valid: true, expires at: 1756854869867
[debug] [2025-09-02T22:15:58.672Z] Checked if tokens are valid: true, expires at: 1756854869867
[debug] [2025-09-02T22:15:58.672Z] >>> [apiv2][query] GET https://cloudbilling.googleapis.com/v1/projects/heatapp-e560d/billingInfo [none]
[debug] [2025-09-02T22:15:58.914Z] <<< [apiv2][status] GET https://cloudbilling.googleapis.com/v1/projects/heatapp-e560d/billingInfo 200
[debug] [2025-09-02T22:15:58.915Z] <<< [apiv2][body] GET https://cloudbilling.googleapis.com/v1/projects/heatapp-e560d/billingInfo {"name":"projects/heatapp-e560d/billingInfo","projectId":"heatapp-e560d","billingAccountName":"","billingEnabled":false}
[info] i  dataconnect: ensuring required API firebasedataconnect.googleapis.com is enabled... 
[debug] [2025-09-02T22:15:58.916Z] Checked if tokens are valid: true, expires at: 1756854869867
[debug] [2025-09-02T22:15:58.916Z] Checked if tokens are valid: true, expires at: 1756854869867
[info] i  dataconnect: ensuring required API sqladmin.googleapis.com is enabled... 
[debug] [2025-09-02T22:15:58.916Z] Checked if tokens are valid: true, expires at: 1756854869867
[debug] [2025-09-02T22:15:58.916Z] Checked if tokens are valid: true, expires at: 1756854869867
[debug] [2025-09-02T22:15:58.916Z] >>> [apiv2][query] GET https://serviceusage.googleapis.com/v1/projects/heatapp-e560d/services/firebasedataconnect.googleapis.com [none]
[debug] [2025-09-02T22:15:58.917Z] >>> [apiv2][(partial)header] GET https://serviceusage.googleapis.com/v1/projects/heatapp-e560d/services/firebasedataconnect.googleapis.com x-goog-quota-user=projects/heatapp-e560d
[debug] [2025-09-02T22:15:58.918Z] >>> [apiv2][query] GET https://serviceusage.googleapis.com/v1/projects/heatapp-e560d/services/sqladmin.googleapis.com [none]
[debug] [2025-09-02T22:15:58.918Z] >>> [apiv2][(partial)header] GET https://serviceusage.googleapis.com/v1/projects/heatapp-e560d/services/sqladmin.googleapis.com x-goog-quota-user=projects/heatapp-e560d
[debug] [2025-09-02T22:15:59.290Z] <<< [apiv2][status] GET https://serviceusage.googleapis.com/v1/projects/heatapp-e560d/services/firebasedataconnect.googleapis.com 200
[debug] [2025-09-02T22:15:59.290Z] <<< [apiv2][body] GET https://serviceusage.googleapis.com/v1/projects/heatapp-e560d/services/firebasedataconnect.googleapis.com [omitted]
[warn] ⚠  dataconnect: missing required API firebasedataconnect.googleapis.com. Enabling now... 
[debug] [2025-09-02T22:15:59.291Z] Checked if tokens are valid: true, expires at: 1756854869867
[debug] [2025-09-02T22:15:59.291Z] Checked if tokens are valid: true, expires at: 1756854869867
[debug] [2025-09-02T22:15:59.291Z] >>> [apiv2][query] POST https://serviceusage.googleapis.com/v1/projects/heatapp-e560d/services/firebasedataconnect.googleapis.com:enable [none]
[debug] [2025-09-02T22:15:59.291Z] >>> [apiv2][(partial)header] POST https://serviceusage.googleapis.com/v1/projects/heatapp-e560d/services/firebasedataconnect.googleapis.com:enable x-goog-quota-user=projects/heatapp-e560d
[debug] [2025-09-02T22:15:59.547Z] <<< [apiv2][status] GET https://serviceusage.googleapis.com/v1/projects/heatapp-e560d/services/sqladmin.googleapis.com 200
[debug] [2025-09-02T22:15:59.547Z] <<< [apiv2][body] GET https://serviceusage.googleapis.com/v1/projects/heatapp-e560d/services/sqladmin.googleapis.com [omitted]
[warn] ⚠  dataconnect: missing required API sqladmin.googleapis.com. Enabling now... 
[debug] [2025-09-02T22:15:59.547Z] Checked if tokens are valid: true, expires at: 1756854869867
[debug] [2025-09-02T22:15:59.547Z] Checked if tokens are valid: true, expires at: 1756854869867
[debug] [2025-09-02T22:15:59.548Z] >>> [apiv2][query] POST https://serviceusage.googleapis.com/v1/projects/heatapp-e560d/services/sqladmin.googleapis.com:enable [none]
[debug] [2025-09-02T22:15:59.548Z] >>> [apiv2][(partial)header] POST https://serviceusage.googleapis.com/v1/projects/heatapp-e560d/services/sqladmin.googleapis.com:enable x-goog-quota-user=projects/heatapp-e560d
[debug] [2025-09-02T22:15:59.884Z] <<< [apiv2][status] POST https://serviceusage.googleapis.com/v1/projects/heatapp-e560d/services/firebasedataconnect.googleapis.com:enable 200
[debug] [2025-09-02T22:15:59.884Z] <<< [apiv2][body] POST https://serviceusage.googleapis.com/v1/projects/heatapp-e560d/services/firebasedataconnect.googleapis.com:enable [omitted]
[debug] [2025-09-02T22:16:00.216Z] <<< [apiv2][status] POST https://serviceusage.googleapis.com/v1/projects/heatapp-e560d/services/sqladmin.googleapis.com:enable 200
[debug] [2025-09-02T22:16:00.217Z] <<< [apiv2][body] POST https://serviceusage.googleapis.com/v1/projects/heatapp-e560d/services/sqladmin.googleapis.com:enable [omitted]
[debug] [2025-09-02T22:16:10.226Z] Checked if tokens are valid: true, expires at: 1756854869867
[debug] [2025-09-02T22:16:10.226Z] Checked if tokens are valid: true, expires at: 1756854869867
[debug] [2025-09-02T22:16:10.226Z] >>> [apiv2][query] GET https://firebasedataconnect.googleapis.com/v1/projects/heatapp-e560d/locations/-/services [none]
[debug] [2025-09-02T22:16:10.865Z] <<< [apiv2][status] GET https://firebasedataconnect.googleapis.com/v1/projects/heatapp-e560d/locations/-/services 200
[debug] [2025-09-02T22:16:10.865Z] <<< [apiv2][body] GET https://firebasedataconnect.googleapis.com/v1/projects/heatapp-e560d/locations/-/services {}
[info] ✔  dataconnect: Detected existing apps . (web) 
[info] ✔  Wrote dataconnect/dataconnect.yaml 
[info] ✔  Wrote dataconnect/schema/schema.gql 
[info] ✔  Wrote dataconnect/example/connector.yaml 
[info] ✔  Wrote dataconnect/example/queries.gql 
[info] ✔  Wrote dataconnect/example/mutations.gql 
[info] ✔  Wrote dataconnect/example/connector.yaml 
[info] i  dataconnect: Installing the generated SDKs ... 
[info] i  dataconnect: downloading dataconnect-emulator-2.12.0... {"metadata":{"emulator":{"name":"dataconnect"},"message":"downloading dataconnect-emulator-2.12.0..."}}
[debug] [2025-09-02T22:16:15.324Z] >>> [apiv2][query] GET https://storage.googleapis.com/firemat-preview-drop/emulator/dataconnect-emulator-macos-v2.12.0 
[debug] [2025-09-02T22:16:15.469Z] <<< [apiv2][status] GET https://storage.googleapis.com/firemat-preview-drop/emulator/dataconnect-emulator-macos-v2.12.0 200
[debug] [2025-09-02T22:16:15.470Z] <<< [apiv2][body] GET https://storage.googleapis.com/firemat-preview-drop/emulator/dataconnect-emulator-macos-v2.12.0 [stream]
[debug] [2025-09-02T22:16:16.586Z] defaultcredentials: writing to file /Users/alvin/.config/firebase/ahe6196_gmail_com_application_default_credentials.json
[info] I0902 17:16:18.310999   10459 codegen.go:82] [connector "example" javascriptSdk] Generating sources into "/Users/alvin/Documents/change-coding-challenge-2025-AlvinH17/heatApp/server/src/dataconnect-generated"
I0902 17:16:18.321259   10459 generate.go:40] Generated all sources. Writing them to disk...
I0902 17:16:18.322581   10459 collector.go:107] connector "example" javascriptSdk wrote into "/Users/alvin/Documents/change-coding-challenge-2025-AlvinH17/heatApp/server/src/dataconnect-generated"
Generated sources: index.d.ts [8025B] esm/index.esm.js [3559B] esm/package.json [17B] index.cjs.js [4049B] package.json [637B] README.md [40804B] 
I0902 17:16:18.324539   10459 installsdk.go:86] Running command: /opt/homebrew/bin/npm install file:src/dataconnect-generated

[info] ✔  dataconnect: Installed generated SDKs for . (web) 
[info] 
=== Firestore Setup
[info] i  firestore: ensuring required API firestore.googleapis.com is enabled... 
[debug] [2025-09-02T22:16:23.708Z] Checked if tokens are valid: true, expires at: 1756854869867
[debug] [2025-09-02T22:16:23.708Z] Checked if tokens are valid: true, expires at: 1756854869867
[debug] [2025-09-02T22:16:23.708Z] >>> [apiv2][query] GET https://serviceusage.googleapis.com/v1/projects/heatapp-e560d/services/firestore.googleapis.com [none]
[debug] [2025-09-02T22:16:23.708Z] >>> [apiv2][(partial)header] GET https://serviceusage.googleapis.com/v1/projects/heatapp-e560d/services/firestore.googleapis.com x-goog-quota-user=projects/heatapp-e560d
[debug] [2025-09-02T22:16:24.401Z] <<< [apiv2][status] GET https://serviceusage.googleapis.com/v1/projects/heatapp-e560d/services/firestore.googleapis.com 200
[debug] [2025-09-02T22:16:24.401Z] <<< [apiv2][body] GET https://serviceusage.googleapis.com/v1/projects/heatapp-e560d/services/firestore.googleapis.com [omitted]
[warn] ⚠  firestore: missing required API firestore.googleapis.com. Enabling now... 
[debug] [2025-09-02T22:16:24.401Z] Checked if tokens are valid: true, expires at: 1756854869867
[debug] [2025-09-02T22:16:24.402Z] Checked if tokens are valid: true, expires at: 1756854869867
[debug] [2025-09-02T22:16:24.402Z] >>> [apiv2][query] POST https://serviceusage.googleapis.com/v1/projects/heatapp-e560d/services/firestore.googleapis.com:enable [none]
[debug] [2025-09-02T22:16:24.402Z] >>> [apiv2][(partial)header] POST https://serviceusage.googleapis.com/v1/projects/heatapp-e560d/services/firestore.googleapis.com:enable x-goog-quota-user=projects/heatapp-e560d
[debug] [2025-09-02T22:16:25.197Z] <<< [apiv2][status] POST https://serviceusage.googleapis.com/v1/projects/heatapp-e560d/services/firestore.googleapis.com:enable 200
[debug] [2025-09-02T22:16:25.197Z] <<< [apiv2][body] POST https://serviceusage.googleapis.com/v1/projects/heatapp-e560d/services/firestore.googleapis.com:enable [omitted]
[debug] [2025-09-02T22:16:35.209Z] Checked if tokens are valid: true, expires at: 1756854869867
[debug] [2025-09-02T22:16:35.210Z] Checked if tokens are valid: true, expires at: 1756854869867
[debug] [2025-09-02T22:16:35.210Z] >>> [apiv2][query] GET https://firestore.googleapis.com/v1/projects/heatapp-e560d/databases [none]
[debug] [2025-09-02T22:16:35.666Z] <<< [apiv2][status] GET https://firestore.googleapis.com/v1/projects/heatapp-e560d/databases 200
[debug] [2025-09-02T22:16:35.667Z] <<< [apiv2][body] GET https://firestore.googleapis.com/v1/projects/heatapp-e560d/databases {}
[debug] [2025-09-02T22:16:35.667Z] Checked if tokens are valid: true, expires at: 1756854869867
[debug] [2025-09-02T22:16:35.667Z] Checked if tokens are valid: true, expires at: 1756854869867
[debug] [2025-09-02T22:16:35.667Z] >>> [apiv2][query] GET https://firestore.googleapis.com/v1/projects/heatapp-e560d/locations [none]
[debug] [2025-09-02T22:16:35.808Z] <<< [apiv2][status] GET https://firestore.googleapis.com/v1/projects/heatapp-e560d/locations 200
[debug] [2025-09-02T22:16:35.809Z] <<< [apiv2][body] GET https://firestore.googleapis.com/v1/projects/heatapp-e560d/locations {"locations":[{"name":"projects/heatapp-e560d/locations/eur3","labels":{"appengine.googleapis.com/geo":"europe-west","cloud.googleapis.com/location":"eur3","cloud.googleapis.com/geo":"eur3"},"metadata":{"@type":"type.googleapis.com/google.firestore.admin.v1.LocationMetadata"},"locationId":"eur3","displayName":"Europe"},{"name":"projects/heatapp-e560d/locations/nam5","labels":{"appengine.googleapis.com/geo":"us-central","cloud.googleapis.com/location":"nam5","cloud.googleapis.com/geo":"nam5"},"metadata":{"@type":"type.googleapis.com/google.firestore.admin.v1.LocationMetadata"},"locationId":"nam5","displayName":"United States"},{"name":"projects/heatapp-e560d/locations/nam7","labels":{"cloud.googleapis.com/location":"nam7","cloud.googleapis.com/geo":"nam7"},"metadata":{"@type":"type.googleapis.com/google.firestore.admin.v1.LocationMetadata"},"locationId":"nam7","displayName":"United States"},{"name":"projects/heatapp-e560d/locations/africa-south1","labels":{"cloud.googleapis.com/location":"africa-south1","cloud.googleapis.com/region":"africa-south1"},"metadata":{"@type":"type.googleapis.com/google.firestore.admin.v1.LocationMetadata"},"locationId":"africa-south1","displayName":"Johannesburg"},{"name":"projects/heatapp-e560d/locations/asia-east1","labels":{"appengine.googleapis.com/region":"asia-east1","cloud.googleapis.com/location":"asia-east1","cloud.googleapis.com/region":"asia-east1"},"metadata":{"@type":"type.googleapis.com/google.firestore.admin.v1.LocationMetadata"},"locationId":"asia-east1","displayName":"Taiwan"},{"name":"projects/heatapp-e560d/locations/asia-east2","labels":{"appengine.googleapis.com/region":"asia-east2","cloud.googleapis.com/location":"asia-east2","cloud.googleapis.com/region":"asia-east2"},"metadata":{"@type":"type.googleapis.com/google.firestore.admin.v1.LocationMetadata"},"locationId":"asia-east2","displayName":"Hong Kong"},{"name":"projects/heatapp-e560d/locations/asia-northeast1","labels":{"appengine.googleapis.com/region":"asia-northeast1","cloud.googleapis.com/location":"asia-northeast1","cloud.googleapis.com/region":"asia-northeast1"},"metadata":{"@type":"type.googleapis.com/google.firestore.admin.v1.LocationMetadata"},"locationId":"asia-northeast1","displayName":"Tokyo"},{"name":"projects/heatapp-e560d/locations/asia-northeast2","labels":{"appengine.googleapis.com/region":"asia-northeast2","cloud.googleapis.com/location":"asia-northeast2","cloud.googleapis.com/region":"asia-northeast2"},"metadata":{"@type":"type.googleapis.com/google.firestore.admin.v1.LocationMetadata"},"locationId":"asia-northeast2","displayName":"Osaka"},{"name":"projects/heatapp-e560d/locations/asia-northeast3","labels":{"appengine.googleapis.com/region":"asia-northeast3","cloud.googleapis.com/location":"asia-northeast3","cloud.googleapis.com/region":"asia-northeast3"},"metadata":{"@type":"type.googleapis.com/google.firestore.admin.v1.LocationMetadata"},"locationId":"asia-northeast3","displayName":"Seoul"},{"name":"projects/heatapp-e560d/locations/asia-south1","labels":{"appengine.googleapis.com/region":"asia-south1","cloud.googleapis.com/location":"asia-south1","cloud.googleapis.com/region":"asia-south1"},"metadata":{"@type":"type.googleapis.com/google.firestore.admin.v1.LocationMetadata"},"locationId":"asia-south1","displayName":"Mumbai"},{"name":"projects/heatapp-e560d/locations/asia-south2","labels":{"cloud.googleapis.com/location":"asia-south2","cloud.googleapis.com/region":"asia-south2"},"metadata":{"@type":"type.googleapis.com/google.firestore.admin.v1.LocationMetadata"},"locationId":"asia-south2","displayName":"Delhi"},{"name":"projects/heatapp-e560d/locations/asia-southeast1","labels":{"appengine.googleapis.com/region":"asia-southeast1","cloud.googleapis.com/location":"asia-southeast1","cloud.googleapis.com/region":"asia-southeast1"},"metadata":{"@type":"type.googleapis.com/google.firestore.admin.v1.LocationMetadata"},"locationId":"asia-southeast1","displayName":"Singapore"},{"name":"projects/heatapp-e560d/locations/asia-southeast2","labels":{"appengine.googleapis.com/region":"asia-southeast2","cloud.googleapis.com/location":"asia-southeast2","cloud.googleapis.com/region":"asia-southeast2"},"metadata":{"@type":"type.googleapis.com/google.firestore.admin.v1.LocationMetadata"},"locationId":"asia-southeast2","displayName":"Jakarta"},{"name":"projects/heatapp-e560d/locations/australia-southeast1","labels":{"appengine.googleapis.com/region":"australia-southeast1","cloud.googleapis.com/location":"australia-southeast1","cloud.googleapis.com/region":"australia-southeast1"},"metadata":{"@type":"type.googleapis.com/google.firestore.admin.v1.LocationMetadata"},"locationId":"australia-southeast1","displayName":"Sydney"},{"name":"projects/heatapp-e560d/locations/australia-southeast2","labels":{"cloud.googleapis.com/location":"australia-southeast2","cloud.googleapis.com/region":"australia-southeast2"},"metadata":{"@type":"type.googleapis.com/google.firestore.admin.v1.LocationMetadata"},"locationId":"australia-southeast2","displayName":"Melbourne"},{"name":"projects/heatapp-e560d/locations/europe-central2","labels":{"appengine.googleapis.com/region":"europe-central2","cloud.googleapis.com/location":"europe-central2","cloud.googleapis.com/region":"europe-central2"},"metadata":{"@type":"type.googleapis.com/google.firestore.admin.v1.LocationMetadata"},"locationId":"europe-central2","displayName":"Warsaw"},{"name":"projects/heatapp-e560d/locations/europe-north1","labels":{"cloud.googleapis.com/location":"europe-north1","cloud.googleapis.com/region":"europe-north1"},"metadata":{"@type":"type.googleapis.com/google.firestore.admin.v1.LocationMetadata"},"locationId":"europe-north1","displayName":"Finland"},{"name":"projects/heatapp-e560d/locations/europe-north2","labels":{"cloud.googleapis.com/location":"europe-north2","cloud.googleapis.com/region":"europe-north2"},"metadata":{"@type":"type.googleapis.com/google.firestore.admin.v1.LocationMetadata"},"locationId":"europe-north2","displayName":"Stockholm"},{"name":"projects/heatapp-e560d/locations/europe-southwest1","labels":{"cloud.googleapis.com/location":"europe-southwest1","cloud.googleapis.com/region":"europe-southwest1"},"metadata":{"@type":"type.googleapis.com/google.firestore.admin.v1.LocationMetadata"},"locationId":"europe-southwest1","displayName":"Madrid"},{"name":"projects/heatapp-e560d/locations/europe-west1","labels":{"cloud.googleapis.com/location":"europe-west1","cloud.googleapis.com/region":"europe-west1"},"metadata":{"@type":"type.googleapis.com/google.firestore.admin.v1.LocationMetadata"},"locationId":"europe-west1","displayName":"Belgium"},{"name":"projects/heatapp-e560d/locations/europe-west10","labels":{"cloud.googleapis.com/location":"europe-west10","cloud.googleapis.com/region":"europe-west10"},"metadata":{"@type":"type.googleapis.com/google.firestore.admin.v1.LocationMetadata"},"locationId":"europe-west10","displayName":"Berlin"},{"name":"projects/heatapp-e560d/locations/europe-west12","labels":{"cloud.googleapis.com/location":"europe-west12","cloud.googleapis.com/region":"europe-west12"},"metadata":{"@type":"type.googleapis.com/google.firestore.admin.v1.LocationMetadata"},"locationId":"europe-west12","displayName":"Turin"},{"name":"projects/heatapp-e560d/locations/europe-west2","labels":{"appengine.googleapis.com/region":"europe-west2","cloud.googleapis.com/location":"europe-west2","cloud.googleapis.com/region":"europe-west2"},"metadata":{"@type":"type.googleapis.com/google.firestore.admin.v1.LocationMetadata"},"locationId":"europe-west2","displayName":"London"},{"name":"projects/heatapp-e560d/locations/europe-west3","labels":{"appengine.googleapis.com/region":"europe-west3","cloud.googleapis.com/location":"europe-west3","cloud.googleapis.com/region":"europe-west3"},"metadata":{"@type":"type.googleapis.com/google.firestore.admin.v1.LocationMetadata"},"locationId":"europe-west3","displayName":"Frankfurt"},{"name":"projects/heatapp-e560d/locations/europe-west4","labels":{"cloud.googleapis.com/location":"europe-west4","cloud.googleapis.com/region":"europe-west4"},"metadata":{"@type":"type.googleapis.com/google.firestore.admin.v1.LocationMetadata"},"locationId":"europe-west4","displayName":"Netherlands"},{"name":"projects/heatapp-e560d/locations/europe-west6","labels":{"appengine.googleapis.com/region":"europe-west6","cloud.googleapis.com/location":"europe-west6","cloud.googleapis.com/region":"europe-west6"},"metadata":{"@type":"type.googleapis.com/google.firestore.admin.v1.LocationMetadata"},"locationId":"europe-west6","displayName":"Zurich"},{"name":"projects/heatapp-e560d/locations/europe-west8","labels":{"cloud.googleapis.com/location":"europe-west8","cloud.googleapis.com/region":"europe-west8"},"metadata":{"@type":"type.googleapis.com/google.firestore.admin.v1.LocationMetadata"},"locationId":"europe-west8","displayName":"Milan"},{"name":"projects/heatapp-e560d/locations/europe-west9","labels":{"cloud.googleapis.com/location":"europe-west9","cloud.googleapis.com/region":"europe-west9"},"metadata":{"@type":"type.googleapis.com/google.firestore.admin.v1.LocationMetadata"},"locationId":"europe-west9","displayName":"Paris"},{"name":"projects/heatapp-e560d/locations/me-central1","labels":{"cloud.googleapis.com/location":"me-central1","cloud.googleapis.com/region":"me-central1"},"metadata":{"@type":"type.googleapis.com/google.firestore.admin.v1.LocationMetadata"},"locationId":"me-central1","displayName":"Doha"},{"name":"projects/heatapp-e560d/locations/me-central2","labels":{"cloud.googleapis.com/location":"me-central2","cloud.googleapis.com/region":"me-central2"},"metadata":{"@type":"type.googleapis.com/google.firestore.admin.v1.LocationMetadata"},"locationId":"me-central2","displayName":"Dammam"},{"name":"projects/heatapp-e560d/locations/me-west1","labels":{"cloud.googleapis.com/location":"me-west1","cloud.googleapis.com/region":"me-west1"},"metadata":{"@type":"type.googleapis.com/google.firestore.admin.v1.LocationMetadata"},"locationId":"me-west1","displayName":"Tel Aviv"},{"name":"projects/heatapp-e560d/locations/northamerica-northeast1","labels":{"appengine.googleapis.com/region":"northamerica-northeast1","cloud.googleapis.com/location":"northamerica-northeast1","cloud.googleapis.com/region":"northamerica-northeast1"},"metadata":{"@type":"type.googleapis.com/google.firestore.admin.v1.LocationMetadata"},"locationId":"northamerica-northeast1","displayName":"Montréal"},{"name":"projects/heatapp-e560d/locations/northamerica-northeast2","labels":{"cloud.googleapis.com/location":"northamerica-northeast2","cloud.googleapis.com/region":"northamerica-northeast2"},"metadata":{"@type":"type.googleapis.com/google.firestore.admin.v1.LocationMetadata"},"locationId":"northamerica-northeast2","displayName":"Toronto"},{"name":"projects/heatapp-e560d/locations/northamerica-south1","labels":{"cloud.googleapis.com/location":"northamerica-south1","cloud.googleapis.com/region":"northamerica-south1"},"metadata":{"@type":"type.googleapis.com/google.firestore.admin.v1.LocationMetadata"},"locationId":"northamerica-south1","displayName":"Mexico"},{"name":"projects/heatapp-e560d/locations/southamerica-east1","labels":{"appengine.googleapis.com/region":"southamerica-east1","cloud.googleapis.com/location":"southamerica-east1","cloud.googleapis.com/region":"southamerica-east1"},"metadata":{"@type":"type.googleapis.com/google.firestore.admin.v1.LocationMetadata"},"locationId":"southamerica-east1","displayName":"São Paulo"},{"name":"projects/heatapp-e560d/locations/southamerica-west1","labels":{"cloud.googleapis.com/location":"southamerica-west1","cloud.googleapis.com/region":"southamerica-west1"},"metadata":{"@type":"type.googleapis.com/google.firestore.admin.v1.LocationMetadata"},"locationId":"southamerica-west1","displayName":"Santiago"},{"name":"projects/heatapp-e560d/locations/us-central1","labels":{"cloud.googleapis.com/location":"us-central1","cloud.googleapis.com/region":"us-central1"},"metadata":{"@type":"type.googleapis.com/google.firestore.admin.v1.LocationMetadata"},"locationId":"us-central1","displayName":"Iowa"},{"name":"projects/heatapp-e560d/locations/us-east1","labels":{"appengine.googleapis.com/region":"us-east1","cloud.googleapis.com/location":"us-east1","cloud.googleapis.com/region":"us-east1"},"metadata":{"@type":"type.googleapis.com/google.firestore.admin.v1.LocationMetadata"},"locationId":"us-east1","displayName":"South Carolina"},{"name":"projects/heatapp-e560d/locations/us-east4","labels":{"appengine.googleapis.com/region":"us-east4","cloud.googleapis.com/location":"us-east4","cloud.googleapis.com/region":"us-east4"},"metadata":{"@type":"type.googleapis.com/google.firestore.admin.v1.LocationMetadata"},"locationId":"us-east4","displayName":"Northern Virginia"},{"name":"projects/heatapp-e560d/locations/us-east5","labels":{"cloud.googleapis.com/location":"us-east5","cloud.googleapis.com/region":"us-east5"},"metadata":{"@type":"type.googleapis.com/google.firestore.admin.v1.LocationMetadata"},"locationId":"us-east5","displayName":"Columbus"},{"name":"projects/heatapp-e560d/locations/us-south1","labels":{"cloud.googleapis.com/location":"us-south1","cloud.googleapis.com/region":"us-south1"},"metadata":{"@type":"type.googleapis.com/google.firestore.admin.v1.LocationMetadata"},"locationId":"us-south1","displayName":"Dallas"},{"name":"projects/heatapp-e560d/locations/us-west1","labels":{"appengine.googleapis.com/region":"us-west1","cloud.googleapis.com/location":"us-west1","cloud.googleapis.com/region":"us-west1"},"metadata":{"@type":"type.googleapis.com/google.firestore.admin.v1.LocationMetadata"},"locationId":"us-west1","displayName":"Oregon"},{"name":"projects/heatapp-e560d/locations/us-west2","labels":{"appengine.googleapis.com/region":"us-west2","cloud.googleapis.com/location":"us-west2","cloud.googleapis.com/region":"us-west2"},"metadata":{"@type":"type.googleapis.com/google.firestore.admin.v1.LocationMetadata"},"locationId":"us-west2","displayName":"Los Angeles"},{"name":"projects/heatapp-e560d/locations/us-west3","labels":{"appengine.googleapis.com/region":"us-west3","cloud.googleapis.com/location":"us-west3","cloud.googleapis.com/region":"us-west3"},"metadata":{"@type":"type.googleapis.com/google.firestore.admin.v1.LocationMetadata"},"locationId":"us-west3","displayName":"Salt Lake City"},{"name":"projects/heatapp-e560d/locations/us-west4","labels":{"appengine.googleapis.com/region":"us-west4","cloud.googleapis.com/location":"us-west4","cloud.googleapis.com/region":"us-west4"},"metadata":{"@type":"type.googleapis.com/google.firestore.admin.v1.LocationMetadata"},"locationId":"us-west4","displayName":"Las Vegas"}]}
[debug] [2025-09-02T22:29:31.508Z] ExitPromptError: User force closed the prompt with SIGINT
    at Interface.sigint (/opt/homebrew/lib/node_modules/firebase-tools/node_modules/@inquirer/core/dist/commonjs/lib/create-prompt.js:101:37)
    at Interface.emit (node:events:508:28)
    at Interface.emit (node:domain:489:12)
    at [_ttyWrite] [as _ttyWrite] (node:internal/readline/interface:1315:18)
    at ReadStream.onkeypress (node:internal/readline/interface:284:20)
    at ReadStream.emit (node:events:520:35)
    at ReadStream.emit (node:domain:489:12)
    at emitKeys (node:internal/readline/utils:371:14)
    at emitKeys.next (<anonymous>)
    at ReadStream.onData (node:internal/readline/emitKeypressEvents:64:36)
[error] 
[error] Error: An unexpected error has occurred.
